R"(great
yes
great
yes, xkz is great!
he is really great!)"