R"(a
aa
aaa
aaaa
aaaaa
aaaaaa
aaaaaaa
aaaaaaaa
fin)"