R"(1.000000
1.000000
2.000000
3.000000
5.000000
8.000000
13.000000
21.000000
34.000000)"
