R"(I fucked A
I fucked AA
I fucked AAA
I fucked AAAA
I fucked AAAAA)"