R"(Error:  at 'a': a already exists in this scoop.)"